
 _                               _             _     _         _ 
| |__  _   _ _ __ ___  _ __ ___ (_)_ __   __ _| |__ (_)_ __ __| |
| '_ \| | | | '_ ` _ \| '_ ` _ \| | '_ \ / _` | '_ \| | '__/ _` |
| | | | |_| | | | | | | | | | | | | | | | (_| | |_) | | | | (_| |
|_| |_|\__,_|_| |_| |_|_| |_| |_|_|_| |_|\__, |_.__/|_|_|  \__,_|
                                        |___ /                   
 
    Description | Spectral Elements for Radiation Transport 
      Copyright | 2026, Liam Pohlmann
        License | https://github.com/lipohlmann/hummingbird/blob/main/LICENSE

     Input file | /home/liamp2/projects/hummingbird/cases/1D/mms_1/convergence/n_polar/n_polar_8/n_polar_8.json
      Mesh file | /home/liamp2/projects/hummingbird/cases/1D/1D_MMS.msh

Creating banks...Done
Creating quadrature sets...Done

Mesh info:
       Number of nodes: 89
    Number of elements: 8
             Dimension: 1

Beginning source iterations.

   k-eff Iter.       k-eff       k-eff Error  | Scatter Iter.   Flux Error     Relative Err.
  =============  =============  ============= | =============  =============  =============
                                              |       1         0.00000e+00          -      
                                              |       2         5.81356e+00     1.00000e+00 
                                              |       3         2.47850e+00     2.99679e-01 
                                              |       4         1.09290e+00     1.16988e-01 
                                              |       5         4.88548e-01     4.97705e-02 
                                              |       6         2.19566e-01     2.18966e-02 
                                              |       7         9.88837e-02     9.76914e-03 
                                              |       8         4.45686e-02     4.38472e-03 
                                              |       9         2.00940e-02     1.97317e-03 
                                              |      10         9.06055e-03     8.88966e-04 
                                              |      11         4.08566e-03     4.00708e-04 
                                              |      12         1.84237e-03     1.80663e-04 
                                              |      13         8.30797e-04     8.14616e-05 
                                              |      14         3.74640e-04     3.67330e-05 
                                              |      15         1.68940e-04     1.65641e-05 
                                              |      16         7.61821e-05     7.46940e-06 
                                              |      17         3.43536e-05     3.36825e-06 
                                              |      18         1.54914e-05     1.51888e-06 
                                              |      19         6.98573e-06     6.84923e-07 
                                              |      20         3.15015e-06     3.08860e-07 
                                              |      21         1.42053e-06     1.39278e-07 
                                              |      22         6.40575e-07     6.28059e-08 
                                              |      23         2.88862e-07     2.83218e-08 
                                              |      24         1.30260e-07     1.27714e-08 
                                              |      25         5.87393e-08     5.75916e-09 
  -----------------------------------------------------------------------------------------

Source iterations complete.

Exporting results...Done.


