
 _                               _             _     _         _ 
| |__  _   _ _ __ ___  _ __ ___ (_)_ __   __ _| |__ (_)_ __ __| |
| '_ \| | | | '_ ` _ \| '_ ` _ \| | '_ \ / _` | '_ \| | '__/ _` |
| | | | |_| | | | | | | | | | | | | | | | (_| | |_) | | | | (_| |
|_| |_|\__,_|_| |_| |_|_| |_| |_|_|_| |_|\__, |_.__/|_|_|  \__,_|
                                        |___ /                   
 
    Description | Spectral Elements for Radiation Transport 
      Copyright | 2026, Liam Pohlmann
        License | https://github.com/lipohlmann/hummingbird/blob/main/LICENSE

     Input file | /home/liamp2/projects/hummingbird/cases/1D/mms_1/convergence/n_points/n_points_3/n_points_3.json
      Mesh file | /home/liamp2/projects/hummingbird/cases/1D/1D_MMS.msh

Creating banks...Done
Creating quadrature sets...Done

Mesh info:
       Number of nodes: 17
    Number of elements: 8
             Dimension: 1

Beginning source iterations.

   k-eff Iter.       k-eff       k-eff Error  | Scatter Iter.   Flux Error     Relative Err.
  =============  =============  ============= | =============  =============  =============
                                              |       1         0.00000e+00          -      
                                              |       2         5.81279e+00     1.00000e+00 
                                              |       3         2.47823e+00     2.99676e-01 
                                              |       4         1.09269e+00     1.16978e-01 
                                              |       5         4.88470e-01     4.97682e-02 
                                              |       6         2.19556e-01     2.18982e-02 
                                              |       7         9.88941e-02     9.77133e-03 
                                              |       8         4.45810e-02     4.38646e-03 
                                              |       9         2.01032e-02     1.97430e-03 
                                              |      10         9.06635e-03     8.89640e-04 
                                              |      11         4.08903e-03     4.01085e-04 
                                              |      12         1.84423e-03     1.80866e-04 
                                              |      13         8.31789e-04     8.15684e-05 
                                              |      14         3.75156e-04     3.67880e-05 
                                              |      15         1.69204e-04     1.65920e-05 
                                              |      16         7.63152e-05     7.48334e-06 
                                              |      17         3.44200e-05     3.37515e-06 
                                              |      18         1.55243e-05     1.52227e-06 
                                              |      19         7.00181e-06     6.86582e-07 
                                              |      20         3.15799e-06     3.09665e-07 
                                              |      21         1.42433e-06     1.39666e-07 
                                              |      22         6.42406e-07     6.29929e-08 
                                              |      23         2.89741e-07     2.84113e-08 
                                              |      24         1.30680e-07     1.28142e-08 
                                              |      25         5.89398e-08     5.77950e-09 
  -----------------------------------------------------------------------------------------

Source iterations complete.

Exporting results...Done.


