
 _                               _             _     _         _ 
| |__  _   _ _ __ ___  _ __ ___ (_)_ __   __ _| |__ (_)_ __ __| |
| '_ \| | | | '_ ` _ \| '_ ` _ \| | '_ \ / _` | '_ \| | '__/ _` |
| | | | |_| | | | | | | | | | | | | | | | (_| | |_) | | | | (_| |
|_| |_|\__,_|_| |_| |_|_| |_| |_|_|_| |_|\__, |_.__/|_|_|  \__,_|
                                        |___ /                   
 
    Description | Spectral Elements for Radiation Transport 
      Copyright | 2026, Liam Pohlmann
        License | https://github.com/lipohlmann/hummingbird/blob/main/LICENSE

     Input file | /home/liamp2/projects/hummingbird/cases/1D/mms_1/convergence/n_points/n_points_2/n_points_2.json
      Mesh file | /home/liamp2/projects/hummingbird/cases/1D/1D_MMS.msh

Creating banks...Done
Creating quadrature sets...Done

Mesh info:
       Number of nodes: 9
    Number of elements: 8
             Dimension: 1

Beginning source iterations.

   k-eff Iter.       k-eff       k-eff Error  | Scatter Iter.   Flux Error     Relative Err.
  =============  =============  ============= | =============  =============  =============
                                              |       1         0.00000e+00          -      
                                              |       2         5.67053e+00     1.00000e+00 
                                              |       3         2.42574e+00     3.00272e-01 
                                              |       4         1.06969e+00     1.17166e-01 
                                              |       5         4.78020e-01     4.98199e-02 
                                              |       6         2.14815e-01     2.19145e-02 
                                              |       7         9.67592e-02     9.77828e-03 
                                              |       8         4.36254e-02     4.39019e-03 
                                              |       9         1.96772e-02     1.97646e-03 
                                              |      10         8.87696e-03     8.90883e-04 
                                              |      11         4.00496e-03     4.01780e-04 
                                              |      12         1.80695e-03     1.81244e-04 
                                              |      13         8.15275e-04     8.17685e-05 
                                              |      14         3.67845e-04     3.68919e-05 
                                              |      15         1.65969e-04     1.66451e-05 
                                              |      16         7.48842e-05     7.51013e-06 
                                              |      17         3.37874e-05     3.38852e-06 
                                              |      18         1.52447e-05     1.52888e-06 
                                              |      19         6.87834e-06     6.89824e-07 
                                              |      20         3.10348e-06     3.11246e-07 
                                              |      21         1.40028e-06     1.40433e-07 
                                              |      22         6.31799e-07     6.33626e-08 
                                              |      23         2.85065e-07     2.85890e-08 
                                              |      24         1.28620e-07     1.28992e-08 
                                              |      25         5.80329e-08     5.82007e-09 
  -----------------------------------------------------------------------------------------

Source iterations complete.

Exporting results...Done.


