
 _                               _             _     _         _ 
| |__  _   _ _ __ ___  _ __ ___ (_)_ __   __ _| |__ (_)_ __ __| |
| '_ \| | | | '_ ` _ \| '_ ` _ \| | '_ \ / _` | '_ \| | '__/ _` |
| | | | |_| | | | | | | | | | | | | | | | (_| | |_) | | | | (_| |
|_| |_|\__,_|_| |_| |_|_| |_| |_|_|_| |_|\__, |_.__/|_|_|  \__,_|
                                        |___ /                   
 
    Description | Spectral Elements for Radiation Transport 
      Copyright | 2026, Liam Pohlmann
        License | https://github.com/lipohlmann/hummingbird/blob/main/LICENSE

     Input file | /home/liamp2/projects/hummingbird/cases/1D/mms_2/convergence/n_points/n_points_3/n_points_3.json
      Mesh file | /home/liamp2/projects/hummingbird/cases/1D/1D_MMS.msh

Creating banks...Done
Creating quadrature sets...Done

Mesh info:
       Number of nodes: 17
    Number of elements: 8
             Dimension: 1

Beginning source iterations.

   k-eff Iter.       k-eff       k-eff Error  | Scatter Iter.   Flux Error     Relative Err.
  =============  =============  ============= | =============  =============  =============
                                              |       1         0.00000e+00          -      
                                              |       2         5.73038e+00     1.00000e+00 
                                              |       3         2.43043e+00     2.98628e-01 
                                              |       4         1.06881e+00     1.16368e-01 
                                              |       5         4.77266e-01     4.94753e-02 
                                              |       6         2.14424e-01     2.17643e-02 
                                              |       7         9.65657e-02     9.71087e-03 
                                              |       8         4.35284e-02     4.35923e-03 
                                              |       9         1.96280e-02     1.96204e-03 
                                              |      10         8.85197e-03     8.84115e-04 
                                              |      11         3.99232e-03     3.98595e-04 
                                              |      12         1.80061e-03     1.79743e-04 
                                              |      13         8.12116e-04     8.10620e-05 
                                              |      14         3.66283e-04     3.65596e-05 
                                              |      15         1.65203e-04     1.64890e-05 
                                              |      16         7.45103e-05     7.43688e-06 
                                              |      17         3.36059e-05     3.35420e-06 
                                              |      18         1.51571e-05     1.51282e-06 
                                              |      19         6.83621e-06     6.82319e-07 
                                              |      20         3.08330e-06     3.07742e-07 
                                              |      21         1.39064e-06     1.38799e-07 
                                              |      22         6.27212e-07     6.26018e-08 
                                              |      23         2.82888e-07     2.82349e-08 
                                              |      24         1.27589e-07     1.27346e-08 
                                              |      25         5.75458e-08     5.74362e-09 
  -----------------------------------------------------------------------------------------

Source iterations complete.

Exporting results...Done.


