
 _                               _             _     _         _ 
| |__  _   _ _ __ ___  _ __ ___ (_)_ __   __ _| |__ (_)_ __ __| |
| '_ \| | | | '_ ` _ \| '_ ` _ \| | '_ \ / _` | '_ \| | '__/ _` |
| | | | |_| | | | | | | | | | | | | | | | (_| | |_) | | | | (_| |
|_| |_|\__,_|_| |_| |_|_| |_| |_|_|_| |_|\__, |_.__/|_|_|  \__,_|
                                        |___ /                   
 
    Description | Spectral Elements for Radiation Transport 
      Copyright | 2026, Liam Pohlmann
        License | https://github.com/lipohlmann/hummingbird/blob/main/LICENSE

     Input file | /home/liamp2/projects/hummingbird/cases/1D/mms_1/convergence/n_polar/n_polar_4/n_polar_4.json
      Mesh file | /home/liamp2/projects/hummingbird/cases/1D/1D_MMS.msh

Creating banks...Done
Creating quadrature sets...Done

Mesh info:
       Number of nodes: 89
    Number of elements: 8
             Dimension: 1

Beginning source iterations.

   k-eff Iter.       k-eff       k-eff Error  | Scatter Iter.   Flux Error     Relative Err.
  =============  =============  ============= | =============  =============  =============
                                              |       1         0.00000e+00          -      
                                              |       2         5.82497e+00     1.00000e+00 
                                              |       3         2.47568e+00     2.99118e-01 
                                              |       4         1.09128e+00     1.16779e-01 
                                              |       5         4.87654e-01     4.96721e-02 
                                              |       6         2.18999e-01     2.18384e-02 
                                              |       7         9.85246e-02     9.73330e-03 
                                              |       8         4.43530e-02     4.36342e-03 
                                              |       9         1.99710e-02     1.96106e-03 
                                              |      10         8.99311e-03     8.82344e-04 
                                              |      11         4.04979e-03     3.97189e-04 
                                              |      12         1.82373e-03     1.78834e-04 
                                              |      13         8.21277e-04     8.05280e-05 
                                              |      14         3.69844e-04     3.62628e-05 
                                              |      15         1.66552e-04     1.63299e-05 
                                              |      16         7.50030e-05     7.35380e-06 
                                              |      17         3.37760e-05     3.31162e-06 
                                              |      18         1.52103e-05     1.49132e-06 
                                              |      19         6.84966e-06     6.71582e-07 
                                              |      20         3.08460e-06     3.02433e-07 
                                              |      21         1.38908e-06     1.36194e-07 
                                              |      22         6.25545e-07     6.13323e-08 
                                              |      23         2.81701e-07     2.76197e-08 
                                              |      24         1.26858e-07     1.24380e-08 
                                              |      25         5.71279e-08     5.60117e-09 
  -----------------------------------------------------------------------------------------

Source iterations complete.

Exporting results...Done.


